
> build
> vite build

[36mvite v7.1.9 [32mbuilding for production...[36m[39m
[plugin @laravel/vite-plugin-wayfinder] Types generated for actions, routes, form variants
transforming...
[32mÔ£ô[39m 4340 modules transformed.
node.exe : [31mÔ£ù[39m Build failed in 15.34s
At C:\Program Files\nodejs\npm.ps1:29 char:3
+   & $NODE_EXE $NPM_CLI_JS $args
+   ~~~~~~~~~~~~~~~~~~~~~~~~~~~~~
    + CategoryInfo          : NotSpecified: ([31mÔ£ù[39m Build failed in 15.34s:String) [], RemoteException
    + FullyQualifiedErrorId : NativeCommandError
 
[31merror during build:
[31mresources/js/components/AddressAutocomplete.vue?vue&type=script&setup=true&lang.ts (5:24): "setOptions" is not exported by "node_modules/@googlemaps/js-api-loader/dist/index.esm.js", imported by "resources/js/components/AddressAutocomplete.vue?vue&type=script&setup=true&lang.ts".[31m
file: [36mC:/Users/Admin/Desktop/finovaste/resources/js/components/AddressAutocomplete.vue?vue&type=script&setup=true&lang.ts:5:24[31m
[33m
3: 
4: import { Input } from '@/components/ui/input';
5: import { importLibrary, setOptions } from '@googlemaps/js-api-loader';
                           ^
6: import { onMounted, ref } from 'vue';
[31m
    at getRollupError (file:///C:/Users/Admin/Desktop/finovaste/node_modules/rollup/dist/es/shared/parseAst.js:401:41)
    at error (file:///C:/Users/Admin/Desktop/finovaste/node_modules/rollup/dist/es/shared/parseAst.js:397:42)
    at Module.error (file:///C:/Users/Admin/Desktop/finovaste/node_modules/rollup/dist/es/shared/node-entry.js:16939:16)
    at Module.traceVariable (file:///C:/Users/Admin/Desktop/finovaste/node_modules/rollup/dist/es/shared/node-entry.js:17391:29)
    at ModuleScope.findVariable (file:///C:/Users/Admin/Desktop/finovaste/node_modules/rollup/dist/es/shared/node-entry.js:15061:39)
    at ChildScope.findVariable (file:///C:/Users/Admin/Desktop/finovaste/node_modules/rollup/dist/es/shared/node-entry.js:5642:38)
    at FunctionScope.findVariable (file:///C:/Users/Admin/Desktop/finovaste/node_modules/rollup/dist/es/shared/node-entry.js:5642:38)
    at FunctionBodyScope.findVariable (file:///C:/Users/Admin/Desktop/finovaste/node_modules/rollup/dist/es/shared/node-entry.js:5642:38)
    at ReturnValueScope.findVariable (file:///C:/Users/Admin/Desktop/finovaste/node_modules/rollup/dist/es/shared/node-entry.js:5642:38)
    at FunctionBodyScope.findVariable (file:///C:/Users/Admin/Desktop/finovaste/node_modules/rollup/dist/es/shared/node-entry.js:5642:38)[39m
